@1790318289899 2026-09-25 02:38:09.898 INFO ServerNodeStore Opened hold-probe-contact storage location: scripts/matter_hold/.storage/device/hold-probe-contact driver: file
@1790318289918 2026-09-25 02:38:09.918 INFO SessionManager restoring resumption record for node @1:e3e119dffdaa75a2 and peer node @1:e3e119dffdaa75a2 for fabric id 0xe55f0f48218ad491 (0xfff1, "holdprobe")
@1790318289931 2026-09-25 02:38:09.931 WARN BasicInformationServer Using development values for some BasicInformation attributes: hardwareVersion: 0 softwareVersion: 0
@1790318289931 2026-09-25 02:38:09.931 WARN BasicInformationServer uniqueId and serialNumber shall not be the same
@1790318289932 2026-09-25 02:38:09.932 WARN BasicInformationServer productLabel should not include vendorName
@1790318289959 2026-09-25 02:38:09.959 INFO BaseEventStore Loaded volatile event store with next number 4001
@1790318290035 2026-09-25 02:38:10.035 INFO Endpoint hold-probe-contact ready endpoint#: 0 type: RootNode (0x16, rev 4) behaviors: 💤parts ✓index ✓accessControl ✓basicInformation ✓generalCommissioning ✓generalDiagnostics ✓administratorCommissioning ✓operationalCredentials ✓groupKeyManagement ✓commissioning ✓network 💤productDescription 💤subscriptions 💤sessions ✓events ✓descriptor
@1790318290050 2026-09-25 02:38:10.049 INFO Endpoint hold-probe-contact.contact ready endpoint#: 1 type: ContactSensor (0x15, rev 2) behaviors: ✓identify ✓booleanState ✓descriptor
@1790318290050 2026-09-25 02:38:10.050 NOTICE Node hold-probe-contact going online
@1790318290060 2026-09-25 02:38:10.060 INFO ServerNetworkRuntime Default network profile for unknown peers set to fast
@1790318290060 2026-09-25 02:38:10.060 INFO NetworkProfiles Configure profile fast exchanges: 200 additionalMrpDelay: 0
@1790318290060 2026-09-25 02:38:10.060 NOTICE Node hold-probe-contact is online
@1790318290061 2026-09-25 02:38:10.061 INFO FabricAccessControl ACL List updated privilege: 5 authMode: 2 subjects: 16420434166193747362 targets: null fabricIndex: 1
@1790318290091 2026-09-25 02:38:10.091 INFO MdnsAdvertisement Publishing kind: operational service: mdns:E019D530834B81D1-0000000000000001._matter._tcp.local
@1790318291195 2026-09-25 02:38:11.195 INFO CaseServer •unsecured#9c5edc39fb658cbc⇵9cfc Pairing request « udp://[fe80::1%lo0]:63849
@1790318291207 2026-09-25 02:38:11.207 INFO CaseServer @1:e3e119dffdaa75a2•c59d New session with @1:e3e119dffdaa75a2 2↔1 address: udp://[fe80::1%lo0]:63849 fabric: e019d530834b81d1 (#1) SII: 500ms SAI: 300ms SAT: 4s DMRev: 21 IMRev: 12 spec: 0x1060000 maxPaths: 10 CATs:
@1790318291228 2026-09-25 02:38:11.227 INFO Session •unsecured#9c5edc39fb658cbc Session ended
@1790318291255 2026-09-25 02:38:11.255 INFO InteractionServer Subscribe « @1:e3e119dffdaa75a2•c59d⇵9cfe fabricFiltered attributePaths: 1 eventPaths: 1
@1790318291257 2026-09-25 02:38:11.257 NOTICE InteractionServer Subscribe successful » @1:e3e119dffdaa75a2•c59d⇵9cfe 2↔1 sub#: 35d8ec13 timing: 1s - 1m 3s => 1m 6s sendInterval: 53.1s
@1790318347273 2026-09-25 02:39:07.272 INFO ServerSubscription Error sending subscription update message (error count=1): Peer is no longer responding to active session (timed out after 14s)
@1790318374550 2026-09-25 02:39:34.550 INFO ServerSubscription Error sending subscription update message (error count=1): Peer is no longer responding to active session (timed out after 14.1s)
@1790318449195 2026-09-25 02:40:49.194 INFO ServerSubscription Error sending subscription update message (error count=1): Peer is no longer responding to active session (timed out after 14.2s)
@1790318476448 2026-09-25 02:41:16.448 INFO ServerSubscription Error sending subscription update message (error count=1): Peer is no longer responding to active session (timed out after 14.3s)
@1790318550957 2026-09-25 02:42:30.957 INFO ServerSubscription Error sending subscription update message (error count=1): Peer is no longer responding to active session (timed out after 14.3s)
@1790318578090 2026-09-25 02:42:58.090 INFO ServerSubscription Error sending subscription update message (error count=1): Peer is no longer responding to active session (timed out after 14.3s)
@1790318652561 2026-09-25 02:44:12.561 INFO ServerSubscription Error sending subscription update message (error count=1): Peer is no longer responding to active session (timed out after 14.2s)
@1790318679770 2026-09-25 02:44:39.770 INFO ServerSubscription Error sending subscription update message (error count=1): Peer is no longer responding to active session (timed out after 14.3s)
@1790318754208 2026-09-25 02:45:54.208 INFO ServerSubscription Error sending subscription update message (error count=1): Peer is no longer responding to active session (timed out after 14.2s)
@1790318781394 2026-09-25 02:46:21.393 INFO ServerSubscription Error sending subscription update message (error count=1): Peer is no longer responding to active session (timed out after 14.2s)
@1790318818456 2026-09-25 02:46:58.455 INFO ServerSubscription Error sending subscription update message (error count=1): Peer is no longer responding to active session (timed out after 14.2s)
@1790318850774 2026-09-25 02:47:30.774 INFO ServerSubscription Error sending subscription update message (error count=1): Peer is no longer responding to active session (timed out after 14.3s)
@1790318882797 2026-09-25 02:48:02.797 INFO ServerSubscription Error sending subscription update message (error count=1): Peer is no longer responding to active session (timed out after 14.2s)
@1790318914963 2026-09-25 02:48:34.963 INFO ServerSubscription Error sending subscription update message (error count=1): Peer is no longer responding to active session (timed out after 14.3s)
@1790318947133 2026-09-25 02:49:07.133 INFO ServerSubscription Error sending subscription update message (error count=1): Peer is no longer responding to active session (timed out after 14.3s)
@1790319014086 2026-09-25 02:50:14.086 INFO ServerSubscription Error sending subscription update message (error count=1): Peer is no longer responding to active session (timed out after 15.1s)
@1790319014108 2026-09-25 02:50:14.108 INFO ServerSubscription Error sending subscription update message (error count=1): Peer is no longer responding to active session (timed out after 15.1s)
@1790319075169 2026-09-25 02:51:15.169 INFO ServerSubscription Error sending subscription update message (error count=1): Peer is no longer responding to active session (timed out after 15s)
@1790319080170 2026-09-25 02:51:20.170 INFO ServerSubscription Error sending subscription update message (error count=1): Peer is no longer responding to active session (timed out after 15s)
@1790319140596 2026-09-25 02:52:20.595 INFO ServerSubscription Error sending subscription update message (error count=1): Peer is no longer responding to active session (timed out after 15.3s)
@1790319140628 2026-09-25 02:52:20.627 INFO ServerSubscription Error sending subscription update message (error count=1): Peer is no longer responding to active session (timed out after 15.3s)
@1790319201505 2026-09-25 02:53:21.505 INFO ServerSubscription Error sending subscription update message (error count=1): Peer is no longer responding to active session (timed out after 15s)
@1790319206469 2026-09-25 02:53:26.468 INFO ServerSubscription Error sending subscription update message (error count=1): Peer is no longer responding to active session (timed out after 15s)
@1790319266701 2026-09-25 02:54:26.700 INFO ServerSubscription Error sending subscription update message (error count=1): Peer is no longer responding to active session (timed out after 15.1s)
@1790319266723 2026-09-25 02:54:26.723 INFO ServerSubscription Error sending subscription update message (error count=1): Peer is no longer responding to active session (timed out after 15.1s)
@1790319327771 2026-09-25 02:55:27.771 INFO ServerSubscription Error sending subscription update message (error count=1): Peer is no longer responding to active session (timed out after 15s)
@1790319332698 2026-09-25 02:55:32.698 INFO ServerSubscription Error sending subscription update message (error count=1): Peer is no longer responding to active session (timed out after 15s)
@1790319392711 2026-09-25 02:56:32.711 INFO ServerSubscription Error sending subscription update message (error count=1): Peer is no longer responding to active session (timed out after 14.9s)
@1790319392738 2026-09-25 02:56:32.738 INFO ServerSubscription Error sending subscription update message (error count=1): Peer is no longer responding to active session (timed out after 14.9s)
@1790319453824 2026-09-25 02:57:33.821 INFO ServerSubscription Error sending subscription update message (error count=1): Peer is no longer responding to active session (timed out after 14.9s)
@1790319458905 2026-09-25 02:57:38.904 INFO ServerSubscription Error sending subscription update message (error count=1): Peer is no longer responding to active session (timed out after 14.9s)
@1790319519021 2026-09-25 02:58:39.020 INFO ServerSubscription Error sending subscription update message (error count=1): Peer is no longer responding to active session (timed out after 15s)
@1790319519048 2026-09-25 02:58:39.048 INFO ServerSubscription Error sending subscription update message (error count=1): Peer is no longer responding to active session (timed out after 15s)
@1790319580369 2026-09-25 02:59:40.369 INFO ServerSubscription Error sending subscription update message (error count=1): Peer is no longer responding to active session (timed out after 15.2s)
@1790319585096 2026-09-25 02:59:45.096 INFO ServerSubscription Error sending subscription update message (error count=1): Peer is no longer responding to active session (timed out after 15.2s)
@1790319593197 2026-09-25 02:59:53.197 INFO InteractionServer Subscribe « @1:e3e119dffdaa75a2•c59d⇵9d00 fabricFiltered attributePaths: 1 eventPaths: 1
@1790319593199 2026-09-25 02:59:53.199 NOTICE ServerSubscription Subscription 35d8ec13 cancelled by peer
@1790319593213 2026-09-25 02:59:53.213 NOTICE InteractionServer Subscribe successful » @1:e3e119dffdaa75a2•c59d⇵9d00 2↔1 sub#: 35d8ec14 timing: 1s - 18s => 21.9s sendInterval: 17.5s
@1790319593218 2026-09-25 02:59:53.218 INFO Transaction Tx ◦reactor<hold-probe-contact.subscriptions.#addSubscription>#8d waiting on ◦reactor<hold-probe-contact.subscriptions.#subscriptionCancelled>#8b
@1790319613440 2026-09-25 03:00:13.440 INFO ServerSubscription Error sending subscription update message (error count=1): Peer is no longer responding to active session (timed out after 13.6s)
@1790319632570 2026-09-25 03:00:32.569 INFO ServerSubscription Error sending subscription update message (error count=2): Peer is no longer responding to active session (timed out after 15.2s)
@1790319649774 2026-09-25 03:00:49.774 INFO ServerSubscription Error sending subscription update message (error count=3): Peer is no longer responding to active session (timed out after 14.9s)
@1790319649775 2026-09-25 03:00:49.775 NOTICE ServerSubscription Giving up on subscription 35d8ec14 after 3 failed updates; the controller must subscribe again
@1790319657332 2026-09-25 03:00:57.332 INFO InteractionServer Subscribe « @1:e3e119dffdaa75a2•c59d⇵9d02 fabricFiltered attributePaths: 1 eventPaths: 1
@1790319657338 2026-09-25 03:00:57.338 NOTICE InteractionServer Subscribe successful » @1:e3e119dffdaa75a2•c59d⇵9d02 2↔1 sub#: 35d8ec15 timing: 1s - 18s => 21.8s sendInterval: 17.4s
@1790319698928 2026-09-25 03:01:38.927 INFO ServerSubscription Error sending subscription update message (error count=1): Peer is no longer responding to active session (timed out after 13.4s)
@1790319718038 2026-09-25 03:01:58.037 INFO ServerSubscription Error sending subscription update message (error count=2): Peer is no longer responding to active session (timed out after 15.1s)
@1790319735479 2026-09-25 03:02:15.478 INFO ServerSubscription Error sending subscription update message (error count=3): Peer is no longer responding to active session (timed out after 15.1s)
@1790319735479 2026-09-25 03:02:15.479 NOTICE ServerSubscription Giving up on subscription 35d8ec15 after 3 failed updates; the controller must subscribe again
@1790319742947 2026-09-25 03:02:22.947 INFO InteractionServer Subscribe « @1:e3e119dffdaa75a2•c59d⇵9d04 fabricFiltered attributePaths: 1 eventPaths: 1
@1790319742956 2026-09-25 03:02:22.956 NOTICE InteractionServer Subscribe successful » @1:e3e119dffdaa75a2•c59d⇵9d04 2↔1 sub#: 35d8ec16 timing: 1s - 18s => 25.1s sendInterval: 20.1s
@1790319784822 2026-09-25 03:03:04.821 INFO ServerSubscription Error sending subscription update message (error count=1): Peer is no longer responding to active session (timed out after 13.7s)
@1790319806308 2026-09-25 03:03:26.308 INFO ServerSubscription Error sending subscription update message (error count=2): Peer is no longer responding to active session (timed out after 15.1s)
@1790319826381 2026-09-25 03:03:46.381 INFO ServerSubscription Error sending subscription update message (error count=3): Peer is no longer responding to active session (timed out after 15s)
@1790319826382 2026-09-25 03:03:46.382 NOTICE ServerSubscription Giving up on subscription 35d8ec16 after 3 failed updates; the controller must subscribe again
@1790319832601 2026-09-25 03:03:52.595 INFO InteractionServer Subscribe « @1:e3e119dffdaa75a2•c59d⇵9d06 fabricFiltered attributePaths: 1 eventPaths: 1
@1790319832623 2026-09-25 03:03:52.623 NOTICE InteractionServer Subscribe successful » @1:e3e119dffdaa75a2•c59d⇵9d06 2↔1 sub#: 35d8ec17 timing: 1s - 18s => 24.4s sendInterval: 19.5s
@1790319874380 2026-09-25 03:04:34.380 INFO ServerSubscription Error sending subscription update message (error count=1): Peer is no longer responding to active session (timed out after 13.5s)
@1790319895270 2026-09-25 03:04:55.270 INFO ServerSubscription Error sending subscription update message (error count=2): Peer is no longer responding to active session (timed out after 14.9s)
@1790319915036 2026-09-25 03:05:15.036 INFO ServerSubscription Error sending subscription update message (error count=3): Peer is no longer responding to active session (timed out after 15.2s)
@1790319915037 2026-09-25 03:05:15.037 NOTICE ServerSubscription Giving up on subscription 35d8ec17 after 3 failed updates; the controller must subscribe again
@1790319921305 2026-09-25 03:05:21.305 INFO InteractionServer Subscribe « @1:e3e119dffdaa75a2•c59d⇵9d08 fabricFiltered attributePaths: 1 eventPaths: 1
@1790319921314 2026-09-25 03:05:21.314 NOTICE InteractionServer Subscribe successful » @1:e3e119dffdaa75a2•c59d⇵9d08 2↔1 sub#: 35d8ec18 timing: 1s - 18s => 25.9s sendInterval: 20.8s
@1790319963001 2026-09-25 03:06:03.000 INFO ServerSubscription Error sending subscription update message (error count=1): Peer is no longer responding to active session (timed out after 13.5s)
@1790319985215 2026-09-25 03:06:25.215 INFO ServerSubscription Error sending subscription update message (error count=2): Peer is no longer responding to active session (timed out after 14.9s)
@1790320006166 2026-09-25 03:06:46.165 INFO ServerSubscription Error sending subscription update message (error count=3): Peer is no longer responding to active session (timed out after 15.1s)
@1790320006166 2026-09-25 03:06:46.166 NOTICE ServerSubscription Giving up on subscription 35d8ec18 after 3 failed updates; the controller must subscribe again
@1790320010959 2026-09-25 03:06:50.959 INFO InteractionServer Subscribe « @1:e3e119dffdaa75a2•c59d⇵9d0a fabricFiltered attributePaths: 1 eventPaths: 1
@1790320010965 2026-09-25 03:06:50.965 NOTICE InteractionServer Subscribe successful » @1:e3e119dffdaa75a2•c59d⇵9d0a 2↔1 sub#: 35d8ec19 timing: 1s - 18s => 21.5s sendInterval: 17.2s
@1790320034016 2026-09-25 03:07:14.016 INFO InteractionServer Subscribe « @1:e3e119dffdaa75a2•c59d⇵9d0c fabricFiltered attributePaths: 1 eventPaths: 1
@1790320034016 2026-09-25 03:07:14.016 NOTICE ServerSubscription Subscription 35d8ec19 cancelled by peer
@1790320034023 2026-09-25 03:07:14.023 NOTICE InteractionServer Subscribe successful » @1:e3e119dffdaa75a2•c59d⇵9d0c 2↔1 sub#: 35d8ec1a timing: 1s - 1m => 1m 9s sendInterval: 55.6s
@1790320034024 2026-09-25 03:07:14.024 INFO Transaction Tx ◦reactor<hold-probe-contact.subscriptions.#addSubscription>#b0 waiting on ◦reactor<hold-probe-contact.subscriptions.#subscriptionCancelled>#ae
@1790320054174 2026-09-25 03:07:34.174 INFO ServerSubscription Error sending subscription update message (error count=1): Peer is no longer responding to active session (timed out after 13.5s)
@1790320111229 2026-09-25 03:08:31.228 INFO ServerSubscription Error sending subscription update message (error count=2): Peer is no longer responding to active session (timed out after 14.9s)
@1790320146134 2026-09-25 03:09:06.133 INFO InteractionServer Subscribe « @1:e3e119dffdaa75a2•c59d⇵9d0e fabricFiltered attributePaths: 1 eventPaths: 1
@1790320146135 2026-09-25 03:09:06.135 NOTICE ServerSubscription Subscription 35d8ec1a cancelled by peer
@1790320146178 2026-09-25 03:09:06.178 NOTICE InteractionServer Subscribe successful » @1:e3e119dffdaa75a2•c59d⇵9d0e 2↔1 sub#: 35d8ec1b timing: 1s - 1m => 1m 1s sendInterval: 49.4s
@1790320187964 2026-09-25 03:09:47.964 INFO ServerSubscription Error sending subscription update message (error count=1): Peer is no longer responding to active session (timed out after 13.6s)
@1790320238704 2026-09-25 03:10:38.704 INFO ServerSubscription Error sending subscription update message (error count=2): Peer is no longer responding to active session (timed out after 14.9s)
@1790320271786 2026-09-25 03:11:11.784 INFO InteractionServer Subscribe « @1:e3e119dffdaa75a2•c59d⇵9d10 fabricFiltered attributePaths: 1 eventPaths: 1
@1790320271789 2026-09-25 03:11:11.789 NOTICE ServerSubscription Subscription 35d8ec1b cancelled by peer
@1790320271796 2026-09-25 03:11:11.796 NOTICE InteractionServer Subscribe successful » @1:e3e119dffdaa75a2•c59d⇵9d10 2↔1 sub#: 35d8ec1c timing: 1s - 1m => 1m 4s sendInterval: 51.3s
@1790320313360 2026-09-25 03:11:53.359 INFO ServerSubscription Error sending subscription update message (error count=1): Peer is no longer responding to active session (timed out after 13.4s)
@1790320366420 2026-09-25 03:12:46.419 INFO ServerSubscription Error sending subscription update message (error count=2): Peer is no longer responding to active session (timed out after 15.1s)
@1790320400404 2026-09-25 03:13:20.404 INFO InteractionServer Subscribe « @1:e3e119dffdaa75a2•c59d⇵9d12 fabricFiltered attributePaths: 1 eventPaths: 1
@1790320400404 2026-09-25 03:13:20.404 NOTICE ServerSubscription Subscription 35d8ec1c cancelled by peer
@1790320400417 2026-09-25 03:13:20.417 NOTICE InteractionServer Subscribe successful » @1:e3e119dffdaa75a2•c59d⇵9d12 2↔1 sub#: 35d8ec1d timing: 1s - 1m => 1m 4s sendInterval: 51.3s
@1790320442232 2026-09-25 03:14:02.232 INFO ServerSubscription Error sending subscription update message (error count=1): Peer is no longer responding to active session (timed out after 13.6s)
@1790320494967 2026-09-25 03:14:54.966 INFO ServerSubscription Error sending subscription update message (error count=2): Peer is no longer responding to active session (timed out after 15.1s)
@1790320529024 2026-09-25 03:15:29.024 INFO InteractionServer Subscribe « @1:e3e119dffdaa75a2•c59d⇵9d14 fabricFiltered attributePaths: 1 eventPaths: 1
@1790320529025 2026-09-25 03:15:29.025 NOTICE ServerSubscription Subscription 35d8ec1d cancelled by peer
@1790320529035 2026-09-25 03:15:29.035 NOTICE InteractionServer Subscribe successful » @1:e3e119dffdaa75a2•c59d⇵9d14 2↔1 sub#: 35d8ec1e timing: 1s - 1m => 1m 2s sendInterval: 50.2s
@1790320570649 2026-09-25 03:16:10.648 INFO ServerSubscription Error sending subscription update message (error count=1): Peer is no longer responding to active session (timed out after 13.4s)
@1790320622414 2026-09-25 03:17:02.414 INFO ServerSubscription Error sending subscription update message (error count=2): Peer is no longer responding to active session (timed out after 15s)
@1790320655642 2026-09-25 03:17:35.642 INFO InteractionServer Subscribe « @1:e3e119dffdaa75a2•c59d⇵9d16 fabricFiltered attributePaths: 1 eventPaths: 1
@1790320655642 2026-09-25 03:17:35.642 NOTICE ServerSubscription Subscription 35d8ec1e cancelled by peer
@1790320655652 2026-09-25 03:17:35.652 NOTICE InteractionServer Subscribe successful » @1:e3e119dffdaa75a2•c59d⇵9d16 2↔1 sub#: 35d8ec1f timing: 1s - 1m => 1m 3s sendInterval: 50.8s
@1790320678676 2026-09-25 03:17:58.676 NOTICE Node hold-probe-contact going offline
@1790320678714 2026-09-25 03:17:58.714 INFO MdnsAdvertisement Unpublishing kind: operational service: mdns:E019D530834B81D1-0000000000000001._matter._tcp.local time: 39m 48s
@1790320679225 2026-09-25 03:17:59.225 INFO Session @1:e3e119dffdaa75a2•c59d Session ended
@1790320679228 2026-09-25 03:17:59.228 NOTICE Node hold-probe-contact is offline
@1790320679238 2026-09-25 03:17:59.238 INFO ServerNodeStore Closed hold-probe-contact storage location: scripts/matter_hold/.storage/device/hold-probe-contact driver: file locks: 0
