@1790322774763 2026-09-25 03:52:54.763 INFO NodeJsDirectoryLock Cleaning stale storage lock for holdprobe-controller - owner process 61966 no longer exists
@1790322774792 2026-09-25 03:52:54.792 INFO ServerNodeStore Opened holdprobe-controller storage location: scripts/matter_hold/.storage/controller/holdprobe-controller driver: file
@1790322774801 2026-09-25 03:52:54.801 INFO SessionManager restoring resumption record for node @1:1 and peer node @1:1 for fabric id 0xe55f0f48218ad491 (0xfff1, "holdprobe")
@1790322774811 2026-09-25 03:52:54.811 WARN BasicInformationServer Using development values for some BasicInformation attributes: vendorId: 65521 vendorName: Matter.js Test Vendor productId: 32768 productName: Matter.js Test Product hardwareVersion: 0 softwareVersion: 0
@1790322774825 2026-09-25 03:52:54.825 INFO BaseEventStore Loaded volatile event store with next number 6001
@1790322774839 2026-09-25 03:52:54.839 INFO Endpoint holdprobe-controller ready endpoint#: 0 type: RootNode (0x16, rev 4) behaviors: 💤parts ✓index ✓accessControl ✓basicInformation ✓generalCommissioning ✓generalDiagnostics ✓administratorCommissioning ✓operationalCredentials ✓groupKeyManagement ✓commissioning ✓network 💤productDescription 💤subscriptions 💤sessions ✓events 💤controller ✓descriptor
@1790322774864 2026-09-25 03:52:54.864 INFO Endpoint holdprobe-controller.@1:1 ready endpoint#: 0 type: RootNode (0x16) behaviors: 💤parts ✓index ✓commissioning ✓network ✓descriptor ✓accessControl ✓basicInformation ✓generalCommissioning ✓generalDiagnostics ✓administratorCommissioning ✓operationalCredentials ✓groupKeyManagement
@1790322774866 2026-09-25 03:52:54.866 INFO Endpoint holdprobe-controller.@1:1.ep1 ready endpoint#: 1 type: ContactSensor (0x15, rev 2) behaviors: ✓descriptor ✓identify ✓booleanState
@1790322774868 2026-09-25 03:52:54.868 INFO CertificateAuthority Loaded stored credentials with ID 0
@1790322774872 2026-09-25 03:52:54.872 NOTICE FabricAuthority Rotated NOC for fabric 1
@1790322774889 2026-09-25 03:52:54.889 WARN CommissioningController BLE is not enabled on this platform
@1790322774910 2026-09-25 03:52:54.910 NOTICE Node holdprobe-controller going online
@1790322774914 2026-09-25 03:52:54.914 INFO NetworkProfiles Configure profile fast exchanges: 200 additionalMrpDelay: 0
@1790322774914 2026-09-25 03:52:54.914 NOTICE Node holdprobe-controller is online
@1790322774915 2026-09-25 03:52:54.915 INFO FabricAccessControl ACL List updated privilege: 5 authMode: 2 subjects: 16420434166193747362 targets: null fabricIndex: 1
@1790322774939 2026-09-25 03:52:54.939 INFO MdnsAdvertisement Publishing kind: operational service: mdns:E019D530834B81D1-E3E119DFFDAA75A2._matter._tcp.local
@1790322774945 2026-09-25 03:52:54.945 INFO CommissioningController Connecting to node @1:1 ...
@1790322774952 2026-09-25 03:52:54.952 INFO ClientNode holdprobe-controller.@1:1 going online
@1790322774953 2026-09-25 03:52:54.953 INFO PairedNode @1:1 Created paired node with device data { supportsThread: false, supportsWifi: false, supportsEthernet: false, rootEndpointServerList: [ 31, 40, 48, 51, 60, 62, 63, 29 ], isMainsPowered: false, isBatteryPowered: false, isIntermittentlyConnected: false, isLongIdleTimeOperating: false, isThreadSleepyEndDevice: false, specificationVersion: 17170432, deviceTypes: {}, ethernetActive: false }
@1790322774963 2026-09-25 03:52:54.963 INFO PeerConnection @1:1•unsecured#e9450d12549edd8a⇵5e04 ip://[fe80::1%lo0]:5550 Connecting addr #: 1 attempt #: 1 connect time: 2ms addr time: 1ms fast
@1790322774973 2026-09-25 03:52:54.973 INFO CaseClient @1:1•f669 Resumed session with @1:1 address: udp://[fe80::1%lo0]:5550 fabric: e019d530834b81d1 (#1) SII: 500ms SAI: 300ms SAT: 4s DMRev: 21 IMRev: 12 spec: 0x1060000 maxPaths: 10 CATs:
@1790322774973 2026-09-25 03:52:54.973 INFO ClientNode holdprobe-controller.@1:1 is online
@1790322774974 2026-09-25 03:52:54.974 INFO IpServiceStatus @1:1 Connected
@1790322774992 2026-09-25 03:52:54.992 INFO Session •unsecured#e9450d12549edd8a Session ended
@1790322774993 2026-09-25 03:52:54.993 INFO ClientInteraction Read » @1:1•f669⇵5e05 bootstrap attributes: 1 events: 1
@1790322775016 2026-09-25 03:52:55.016 INFO ClientInteraction Read « @1:1•f669⇵5e05 4↔4 attributes: 113 events: 2
@1790322775018 2026-09-25 03:52:55.018 INFO ClientEventEmitter Received event basicInformation.startUp on holdprobe-controller.@1:1 softwareVersion: 0
@1790322775025 2026-09-25 03:52:55.025 INFO ClientEventEmitter Received event generalDiagnostics.bootReason on holdprobe-controller.@1:1 bootReason: 0
@1790322775032 2026-09-25 03:52:55.032 INFO ClientInteraction Subscribe » @1:1•f669⇵5e06 min: 1s max: 1m 8s attributes: 1 events: 1
@1790322775047 2026-09-25 03:52:55.047 INFO ClientInteraction Subscription successful « @1:1•f669⇵5e06 2↔2 id: e57d6860 interval: 1m 8s timeout: 1m 46s
@1790322794653 2026-09-25 03:53:14.653 INFO ClientEventEmitter Received event booleanState.stateChange on holdprobe-controller.@1:1.ep1 stateValue: false
@1790322794661 2026-09-25 03:53:14.661 INFO ClientEventEmitter Received event booleanState.stateChange on holdprobe-controller.@1:1.ep1 stateValue: true
@1790322799568 2026-09-25 03:53:19.568 INFO ClientEventEmitter Received event booleanState.stateChange on holdprobe-controller.@1:1.ep1 stateValue: false
@1790322813070 2026-09-25 03:53:33.070 INFO InteractionMessenger @1:1•f669⇵107d Error sending success after final data report chunk [peer-unresponsive] Peer is no longer responding to active session (timed out after 13.5s)
@1790322837356 2026-09-25 03:53:57.356 INFO ClientEventEmitter Received event booleanState.stateChange on holdprobe-controller.@1:1.ep1 stateValue: false
@1790322837357 2026-09-25 03:53:57.357 INFO ClientEventEmitter Received event booleanState.stateChange on holdprobe-controller.@1:1.ep1 stateValue: true
@1790322849580 2026-09-25 03:54:09.580 INFO ClientEventEmitter Received event booleanState.stateChange on holdprobe-controller.@1:1.ep1 stateValue: false
@1790322849584 2026-09-25 03:54:09.584 INFO ClientEventEmitter Received event booleanState.stateChange on holdprobe-controller.@1:1.ep1 stateValue: true
@1790322849584 2026-09-25 03:54:09.584 INFO Transaction Tx ◦offline#43 waiting on ◦offline#42
@1790322870594 2026-09-25 03:54:30.594 INFO ClientEventEmitter Received event booleanState.stateChange on holdprobe-controller.@1:1.ep1 stateValue: false
@1790322870601 2026-09-25 03:54:30.601 INFO ClientEventEmitter Received event booleanState.stateChange on holdprobe-controller.@1:1.ep1 stateValue: true
@1790322870601 2026-09-25 03:54:30.601 INFO Transaction Tx ◦offline#45 waiting on ◦offline#44
@1790322901606 2026-09-25 03:55:01.606 INFO ClientEventEmitter Received event booleanState.stateChange on holdprobe-controller.@1:1.ep1 stateValue: false
@1790322901618 2026-09-25 03:55:01.618 INFO ClientEventEmitter Received event booleanState.stateChange on holdprobe-controller.@1:1.ep1 stateValue: false
@1790322901619 2026-09-25 03:55:01.619 INFO ClientEventEmitter Received event booleanState.stateChange on holdprobe-controller.@1:1.ep1 stateValue: true
@1790322913612 2026-09-25 03:55:13.612 INFO ClientEventEmitter Received event booleanState.stateChange on holdprobe-controller.@1:1.ep1 stateValue: false
@1790322913612 2026-09-25 03:55:13.612 INFO ClientEventEmitter Received event booleanState.stateChange on holdprobe-controller.@1:1.ep1 stateValue: true
@1790322913613 2026-09-25 03:55:13.613 INFO ClientEventEmitter Received event booleanState.stateChange on holdprobe-controller.@1:1.ep1 stateValue: false
@1790322915105 2026-09-25 03:55:15.104 INFO InteractionMessenger @1:1•f669⇵1084 Error sending success after final data report chunk [peer-unresponsive] Peer is no longer responding to active session (timed out after 13.5s)
@1790322917684 2026-09-25 03:55:17.684 INFO ClientEventEmitter Received event booleanState.stateChange on holdprobe-controller.@1:1.ep1 stateValue: true
@1790322930692 2026-09-25 03:55:30.692 INFO ClientEventEmitter Received event booleanState.stateChange on holdprobe-controller.@1:1.ep1 stateValue: false
@1790322934764 2026-09-25 03:55:34.764 INFO ClientEventEmitter Received event booleanState.stateChange on holdprobe-controller.@1:1.ep1 stateValue: true
@1790322967774 2026-09-25 03:56:07.774 INFO ClientEventEmitter Received event booleanState.stateChange on holdprobe-controller.@1:1.ep1 stateValue: false
@1790322971850 2026-09-25 03:56:11.850 INFO ClientEventEmitter Received event booleanState.stateChange on holdprobe-controller.@1:1.ep1 stateValue: false
@1790322971850 2026-09-25 03:56:11.850 INFO ClientEventEmitter Received event booleanState.stateChange on holdprobe-controller.@1:1.ep1 stateValue: true
@1790322981211 2026-09-25 03:56:21.211 INFO InteractionMessenger @1:1•f669⇵108a Error sending success after final data report chunk [peer-unresponsive] Peer is no longer responding to active session (timed out after 13.4s)
@1790322989142 2026-09-25 03:56:29.142 INFO ClientEventEmitter Received event booleanState.stateChange on holdprobe-controller.@1:1.ep1 stateValue: false
@1790322989151 2026-09-25 03:56:29.151 INFO ClientEventEmitter Received event booleanState.stateChange on holdprobe-controller.@1:1.ep1 stateValue: true
@1790322994859 2026-09-25 03:56:34.859 INFO ClientEventEmitter Received event booleanState.stateChange on holdprobe-controller.@1:1.ep1 stateValue: false
@1790323008520 2026-09-25 03:56:48.520 INFO InteractionMessenger @1:1•f669⇵108c Error sending success after final data report chunk [peer-unresponsive] Peer is no longer responding to active session (timed out after 13.7s)
@1790323032647 2026-09-25 03:57:12.647 INFO ClientEventEmitter Received event booleanState.stateChange on holdprobe-controller.@1:1.ep1 stateValue: false
@1790323032647 2026-09-25 03:57:12.647 INFO ClientEventEmitter Received event booleanState.stateChange on holdprobe-controller.@1:1.ep1 stateValue: true
@1790323044870 2026-09-25 03:57:24.869 INFO ClientEventEmitter Received event booleanState.stateChange on holdprobe-controller.@1:1.ep1 stateValue: false
@1790323044875 2026-09-25 03:57:24.875 INFO ClientEventEmitter Received event booleanState.stateChange on holdprobe-controller.@1:1.ep1 stateValue: true
@1790323044876 2026-09-25 03:57:24.876 INFO Transaction Tx ◦offline#58 waiting on ◦offline#57
@1790323065880 2026-09-25 03:57:45.880 INFO ClientEventEmitter Received event booleanState.stateChange on holdprobe-controller.@1:1.ep1 stateValue: false
@1790323065887 2026-09-25 03:57:45.887 INFO ClientEventEmitter Received event booleanState.stateChange on holdprobe-controller.@1:1.ep1 stateValue: true
@1790323065887 2026-09-25 03:57:45.887 INFO Transaction Tx ◦offline#5a waiting on ◦offline#59
@1790323096888 2026-09-25 03:58:16.888 INFO ClientEventEmitter Received event booleanState.stateChange on holdprobe-controller.@1:1.ep1 stateValue: false
@1790323096897 2026-09-25 03:58:16.897 INFO ClientEventEmitter Received event booleanState.stateChange on holdprobe-controller.@1:1.ep1 stateValue: false
@1790323096897 2026-09-25 03:58:16.897 INFO ClientEventEmitter Received event booleanState.stateChange on holdprobe-controller.@1:1.ep1 stateValue: true
@1790323108893 2026-09-25 03:58:28.893 INFO ClientEventEmitter Received event booleanState.stateChange on holdprobe-controller.@1:1.ep1 stateValue: false
@1790323108893 2026-09-25 03:58:28.893 INFO ClientEventEmitter Received event booleanState.stateChange on holdprobe-controller.@1:1.ep1 stateValue: true
@1790323108893 2026-09-25 03:58:28.893 INFO ClientEventEmitter Received event booleanState.stateChange on holdprobe-controller.@1:1.ep1 stateValue: false
@1790323110382 2026-09-25 03:58:30.382 INFO InteractionMessenger @1:1•f669⇵1093 Error sending success after final data report chunk [peer-unresponsive] Peer is no longer responding to active session (timed out after 13.5s)
@1790323112962 2026-09-25 03:58:32.962 INFO ClientEventEmitter Received event booleanState.stateChange on holdprobe-controller.@1:1.ep1 stateValue: true
@1790323125970 2026-09-25 03:58:45.970 INFO ClientEventEmitter Received event booleanState.stateChange on holdprobe-controller.@1:1.ep1 stateValue: false
@1790323130040 2026-09-25 03:58:50.040 INFO ClientEventEmitter Received event booleanState.stateChange on holdprobe-controller.@1:1.ep1 stateValue: true
@1790323163049 2026-09-25 03:59:23.049 INFO ClientEventEmitter Received event booleanState.stateChange on holdprobe-controller.@1:1.ep1 stateValue: false
@1790323167122 2026-09-25 03:59:27.122 INFO ClientEventEmitter Received event booleanState.stateChange on holdprobe-controller.@1:1.ep1 stateValue: false
@1790323167122 2026-09-25 03:59:27.122 INFO ClientEventEmitter Received event booleanState.stateChange on holdprobe-controller.@1:1.ep1 stateValue: true
@1790323176670 2026-09-25 03:59:36.670 INFO InteractionMessenger @1:1•f669⇵1099 Error sending success after final data report chunk [peer-unresponsive] Peer is no longer responding to active session (timed out after 13.6s)
@1790323184398 2026-09-25 03:59:44.398 INFO ClientEventEmitter Received event booleanState.stateChange on holdprobe-controller.@1:1.ep1 stateValue: false
@1790323184404 2026-09-25 03:59:44.404 INFO ClientEventEmitter Received event booleanState.stateChange on holdprobe-controller.@1:1.ep1 stateValue: true
@1790323190132 2026-09-25 03:59:50.132 INFO ClientEventEmitter Received event booleanState.stateChange on holdprobe-controller.@1:1.ep1 stateValue: false
@1790323203576 2026-09-25 04:00:03.576 INFO InteractionMessenger @1:1•f669⇵109b Error sending success after final data report chunk [peer-unresponsive] Peer is no longer responding to active session (timed out after 13.4s)
@1790323227919 2026-09-25 04:00:27.919 INFO ClientEventEmitter Received event booleanState.stateChange on holdprobe-controller.@1:1.ep1 stateValue: false
@1790323227920 2026-09-25 04:00:27.920 INFO ClientEventEmitter Received event booleanState.stateChange on holdprobe-controller.@1:1.ep1 stateValue: true
@1790323240144 2026-09-25 04:00:40.143 INFO ClientEventEmitter Received event booleanState.stateChange on holdprobe-controller.@1:1.ep1 stateValue: false
@1790323240153 2026-09-25 04:00:40.153 INFO ClientEventEmitter Received event booleanState.stateChange on holdprobe-controller.@1:1.ep1 stateValue: true
@1790323240154 2026-09-25 04:00:40.154 INFO Transaction Tx ◦offline#6e waiting on ◦offline#6d
@1790323261151 2026-09-25 04:01:01.151 INFO ClientEventEmitter Received event booleanState.stateChange on holdprobe-controller.@1:1.ep1 stateValue: false
@1790323261157 2026-09-25 04:01:01.157 INFO ClientEventEmitter Received event booleanState.stateChange on holdprobe-controller.@1:1.ep1 stateValue: true
@1790323261157 2026-09-25 04:01:01.157 INFO Transaction Tx ◦offline#70 waiting on ◦offline#6f
@1790323292162 2026-09-25 04:01:32.161 INFO ClientEventEmitter Received event booleanState.stateChange on holdprobe-controller.@1:1.ep1 stateValue: false
@1790323292173 2026-09-25 04:01:32.173 INFO ClientEventEmitter Received event booleanState.stateChange on holdprobe-controller.@1:1.ep1 stateValue: false
@1790323292174 2026-09-25 04:01:32.173 INFO ClientEventEmitter Received event booleanState.stateChange on holdprobe-controller.@1:1.ep1 stateValue: true
@1790323304164 2026-09-25 04:01:44.164 INFO ClientEventEmitter Received event booleanState.stateChange on holdprobe-controller.@1:1.ep1 stateValue: false
@1790323304165 2026-09-25 04:01:44.164 INFO ClientEventEmitter Received event booleanState.stateChange on holdprobe-controller.@1:1.ep1 stateValue: true
@1790323304165 2026-09-25 04:01:44.165 INFO ClientEventEmitter Received event booleanState.stateChange on holdprobe-controller.@1:1.ep1 stateValue: false
@1790323305746 2026-09-25 04:01:45.746 INFO InteractionMessenger @1:1•f669⇵10a2 Error sending success after final data report chunk [peer-unresponsive] Peer is no longer responding to active session (timed out after 13.6s)
@1790323308231 2026-09-25 04:01:48.231 INFO ClientEventEmitter Received event booleanState.stateChange on holdprobe-controller.@1:1.ep1 stateValue: true
@1790323321240 2026-09-25 04:02:01.240 INFO ClientEventEmitter Received event booleanState.stateChange on holdprobe-controller.@1:1.ep1 stateValue: false
@1790323325310 2026-09-25 04:02:05.310 INFO ClientEventEmitter Received event booleanState.stateChange on holdprobe-controller.@1:1.ep1 stateValue: true
@1790323358323 2026-09-25 04:02:38.323 INFO ClientEventEmitter Received event booleanState.stateChange on holdprobe-controller.@1:1.ep1 stateValue: false
@1790323362397 2026-09-25 04:02:42.397 INFO ClientEventEmitter Received event booleanState.stateChange on holdprobe-controller.@1:1.ep1 stateValue: false
@1790323362398 2026-09-25 04:02:42.397 INFO ClientEventEmitter Received event booleanState.stateChange on holdprobe-controller.@1:1.ep1 stateValue: true
@1790323371827 2026-09-25 04:02:51.827 INFO InteractionMessenger @1:1•f669⇵10a8 Error sending success after final data report chunk [peer-unresponsive] Peer is no longer responding to active session (timed out after 13.5s)
@1790323379685 2026-09-25 04:02:59.685 INFO ClientEventEmitter Received event booleanState.stateChange on holdprobe-controller.@1:1.ep1 stateValue: false
@1790323379692 2026-09-25 04:02:59.692 INFO ClientEventEmitter Received event booleanState.stateChange on holdprobe-controller.@1:1.ep1 stateValue: true
@1790323385407 2026-09-25 04:03:05.407 INFO ClientEventEmitter Received event booleanState.stateChange on holdprobe-controller.@1:1.ep1 stateValue: false
@1790323398834 2026-09-25 04:03:18.834 INFO InteractionMessenger @1:1•f669⇵10aa Error sending success after final data report chunk [peer-unresponsive] Peer is no longer responding to active session (timed out after 13.4s)
@1790323423199 2026-09-25 04:03:43.199 INFO ClientEventEmitter Received event booleanState.stateChange on holdprobe-controller.@1:1.ep1 stateValue: false
@1790323423199 2026-09-25 04:03:43.199 INFO ClientEventEmitter Received event booleanState.stateChange on holdprobe-controller.@1:1.ep1 stateValue: true
@1790323435415 2026-09-25 04:03:55.415 INFO ClientEventEmitter Received event booleanState.stateChange on holdprobe-controller.@1:1.ep1 stateValue: false
@1790323435422 2026-09-25 04:03:55.422 INFO ClientEventEmitter Received event booleanState.stateChange on holdprobe-controller.@1:1.ep1 stateValue: true
@1790323435422 2026-09-25 04:03:55.422 INFO Transaction Tx ◦offline#84 waiting on ◦offline#83
@1790323456431 2026-09-25 04:04:16.431 INFO ClientEventEmitter Received event booleanState.stateChange on holdprobe-controller.@1:1.ep1 stateValue: false
@1790323456440 2026-09-25 04:04:16.440 INFO ClientEventEmitter Received event booleanState.stateChange on holdprobe-controller.@1:1.ep1 stateValue: true
@1790323456440 2026-09-25 04:04:16.440 INFO Transaction Tx ◦offline#86 waiting on ◦offline#85
@1790323487444 2026-09-25 04:04:47.444 INFO ClientEventEmitter Received event booleanState.stateChange on holdprobe-controller.@1:1.ep1 stateValue: false
@1790323487453 2026-09-25 04:04:47.453 INFO ClientEventEmitter Received event booleanState.stateChange on holdprobe-controller.@1:1.ep1 stateValue: false
@1790323487454 2026-09-25 04:04:47.454 INFO ClientEventEmitter Received event booleanState.stateChange on holdprobe-controller.@1:1.ep1 stateValue: true
@1790323499452 2026-09-25 04:04:59.452 INFO ClientEventEmitter Received event booleanState.stateChange on holdprobe-controller.@1:1.ep1 stateValue: false
@1790323499453 2026-09-25 04:04:59.453 INFO ClientEventEmitter Received event booleanState.stateChange on holdprobe-controller.@1:1.ep1 stateValue: true
@1790323499454 2026-09-25 04:04:59.454 INFO ClientEventEmitter Received event booleanState.stateChange on holdprobe-controller.@1:1.ep1 stateValue: false
@1790323501000 2026-09-25 04:05:01.000 INFO InteractionMessenger @1:1•f669⇵10b1 Error sending success after final data report chunk [peer-unresponsive] Peer is no longer responding to active session (timed out after 13.6s)
@1790323503525 2026-09-25 04:05:03.525 INFO ClientEventEmitter Received event booleanState.stateChange on holdprobe-controller.@1:1.ep1 stateValue: true
@1790323516538 2026-09-25 04:05:16.538 INFO ClientEventEmitter Received event booleanState.stateChange on holdprobe-controller.@1:1.ep1 stateValue: false
@1790323520612 2026-09-25 04:05:20.612 INFO ClientEventEmitter Received event booleanState.stateChange on holdprobe-controller.@1:1.ep1 stateValue: true
@1790323553632 2026-09-25 04:05:53.631 INFO ClientEventEmitter Received event booleanState.stateChange on holdprobe-controller.@1:1.ep1 stateValue: false
@1790323557707 2026-09-25 04:05:57.706 INFO ClientEventEmitter Received event booleanState.stateChange on holdprobe-controller.@1:1.ep1 stateValue: false
@1790323557707 2026-09-25 04:05:57.707 INFO ClientEventEmitter Received event booleanState.stateChange on holdprobe-controller.@1:1.ep1 stateValue: true
@1790323567186 2026-09-25 04:06:07.186 INFO InteractionMessenger @1:1•f669⇵10b7 Error sending success after final data report chunk [peer-unresponsive] Peer is no longer responding to active session (timed out after 13.6s)
@1790323574974 2026-09-25 04:06:14.974 INFO ClientEventEmitter Received event booleanState.stateChange on holdprobe-controller.@1:1.ep1 stateValue: false
@1790323574983 2026-09-25 04:06:14.983 INFO ClientEventEmitter Received event booleanState.stateChange on holdprobe-controller.@1:1.ep1 stateValue: true
@1790323580716 2026-09-25 04:06:20.716 INFO ClientEventEmitter Received event booleanState.stateChange on holdprobe-controller.@1:1.ep1 stateValue: false
@1790323594350 2026-09-25 04:06:34.350 INFO InteractionMessenger @1:1•f669⇵10b9 Error sending success after final data report chunk [peer-unresponsive] Peer is no longer responding to active session (timed out after 13.6s)
@1790323618514 2026-09-25 04:06:58.514 INFO ClientEventEmitter Received event booleanState.stateChange on holdprobe-controller.@1:1.ep1 stateValue: false
@1790323618515 2026-09-25 04:06:58.515 INFO ClientEventEmitter Received event booleanState.stateChange on holdprobe-controller.@1:1.ep1 stateValue: true
@1790323630724 2026-09-25 04:07:10.724 INFO ClientEventEmitter Received event booleanState.stateChange on holdprobe-controller.@1:1.ep1 stateValue: false
@1790323630730 2026-09-25 04:07:10.730 INFO ClientEventEmitter Received event booleanState.stateChange on holdprobe-controller.@1:1.ep1 stateValue: true
@1790323630731 2026-09-25 04:07:10.731 INFO Transaction Tx ◦offline#99 waiting on ◦offline#98
@1790323651734 2026-09-25 04:07:31.734 INFO ClientEventEmitter Received event booleanState.stateChange on holdprobe-controller.@1:1.ep1 stateValue: false
@1790323651739 2026-09-25 04:07:31.739 INFO ClientEventEmitter Received event booleanState.stateChange on holdprobe-controller.@1:1.ep1 stateValue: true
@1790323651739 2026-09-25 04:07:31.739 INFO Transaction Tx ◦offline#9b waiting on ◦offline#9a
@1790323682747 2026-09-25 04:08:02.747 INFO ClientEventEmitter Received event booleanState.stateChange on holdprobe-controller.@1:1.ep1 stateValue: false
@1790323682754 2026-09-25 04:08:02.754 INFO ClientEventEmitter Received event booleanState.stateChange on holdprobe-controller.@1:1.ep1 stateValue: false
@1790323682754 2026-09-25 04:08:02.754 INFO ClientEventEmitter Received event booleanState.stateChange on holdprobe-controller.@1:1.ep1 stateValue: true
@1790323694756 2026-09-25 04:08:14.756 INFO ClientEventEmitter Received event booleanState.stateChange on holdprobe-controller.@1:1.ep1 stateValue: false
@1790323694757 2026-09-25 04:08:14.756 INFO ClientEventEmitter Received event booleanState.stateChange on holdprobe-controller.@1:1.ep1 stateValue: true
@1790323694757 2026-09-25 04:08:14.757 INFO ClientEventEmitter Received event booleanState.stateChange on holdprobe-controller.@1:1.ep1 stateValue: false
@1790323696319 2026-09-25 04:08:16.319 INFO InteractionMessenger @1:1•f669⇵10c0 Error sending success after final data report chunk [peer-unresponsive] Peer is no longer responding to active session (timed out after 13.6s)
@1790323698828 2026-09-25 04:08:18.828 INFO ClientEventEmitter Received event booleanState.stateChange on holdprobe-controller.@1:1.ep1 stateValue: true
@1790323711840 2026-09-25 04:08:31.840 INFO ClientEventEmitter Received event booleanState.stateChange on holdprobe-controller.@1:1.ep1 stateValue: false
@1790323715919 2026-09-25 04:08:35.918 INFO ClientEventEmitter Received event booleanState.stateChange on holdprobe-controller.@1:1.ep1 stateValue: true
@1790323748938 2026-09-25 04:09:08.938 INFO ClientEventEmitter Received event booleanState.stateChange on holdprobe-controller.@1:1.ep1 stateValue: false
@1790323752975 2026-09-25 04:09:12.975 NOTICE Node holdprobe-controller going offline
@1790323753193 2026-09-25 04:09:13.193 INFO Transaction ◦offline#a7 locked holdprobe-controller.generalDiagnostics.state
@1790323755977 2026-09-25 04:09:15.977 NOTICE Runtime Shutting down
@1790323755978 2026-09-25 04:09:15.978 INFO ClientNode holdprobe-controller.@1:1 going offline
@1790323755979 2026-09-25 04:09:15.979 INFO ClientNode holdprobe-controller.@1:1 is offline
