@1790322774055 2026-09-25 03:52:54.055 INFO ServerNodeStore Opened hold-probe-contact storage location: scripts/matter_hold/.storage/device/hold-probe-contact driver: file
@1790322774064 2026-09-25 03:52:54.064 INFO SessionManager restoring resumption record for node @1:e3e119dffdaa75a2 and peer node @1:e3e119dffdaa75a2 for fabric id 0xe55f0f48218ad491 (0xfff1, "holdprobe")
@1790322774074 2026-09-25 03:52:54.074 WARN BasicInformationServer Using development values for some BasicInformation attributes: hardwareVersion: 0 softwareVersion: 0
@1790322774074 2026-09-25 03:52:54.074 WARN BasicInformationServer uniqueId and serialNumber shall not be the same
@1790322774074 2026-09-25 03:52:54.074 WARN BasicInformationServer productLabel should not include vendorName
@1790322774090 2026-09-25 03:52:54.090 INFO BaseEventStore Loaded volatile event store with next number 6001
@1790322774101 2026-09-25 03:52:54.101 INFO Endpoint hold-probe-contact ready endpoint#: 0 type: RootNode (0x16, rev 4) behaviors: 💤parts ✓index ✓accessControl ✓basicInformation ✓generalCommissioning ✓generalDiagnostics ✓administratorCommissioning ✓operationalCredentials ✓groupKeyManagement ✓commissioning ✓network 💤productDescription 💤subscriptions 💤sessions ✓events ✓descriptor
@1790322774106 2026-09-25 03:52:54.106 INFO Endpoint hold-probe-contact.contact ready endpoint#: 1 type: ContactSensor (0x15, rev 2) behaviors: ✓identify ✓booleanState ✓descriptor
@1790322774106 2026-09-25 03:52:54.106 NOTICE Node hold-probe-contact going online
@1790322774110 2026-09-25 03:52:54.110 INFO ServerNetworkRuntime Default network profile for unknown peers set to fast
@1790322774110 2026-09-25 03:52:54.110 INFO NetworkProfiles Configure profile fast exchanges: 200 additionalMrpDelay: 0
@1790322774110 2026-09-25 03:52:54.110 NOTICE Node hold-probe-contact is online
@1790322774110 2026-09-25 03:52:54.110 INFO FabricAccessControl ACL List updated privilege: 5 authMode: 2 subjects: 16420434166193747362 targets: null fabricIndex: 1
@1790322774125 2026-09-25 03:52:54.125 INFO MdnsAdvertisement Publishing kind: operational service: mdns:E019D530834B81D1-0000000000000001._matter._tcp.local
@1790322774967 2026-09-25 03:52:54.967 INFO CaseServer •unsecured#e9450d12549edd8a⇵5e04 Pairing request « udp://[fe80::1%lo0]:60963
@1790322774976 2026-09-25 03:52:54.976 INFO CaseServer @1:e3e119dffdaa75a2•10b3 Resumed session with @1:e3e119dffdaa75a2 2↔1 address: udp://[fe80::1%lo0]:60963 fabric: e019d530834b81d1 (#1) SII: 500ms SAI: 300ms SAT: 4s DMRev: 21 IMRev: 12 spec: 0x1060000 maxPaths: 10 CATs:
@1790322774988 2026-09-25 03:52:54.988 INFO Session •unsecured#e9450d12549edd8a Session ended
@1790322775034 2026-09-25 03:52:55.034 INFO InteractionServer Subscribe « @1:e3e119dffdaa75a2•10b3⇵5e06 fabricFiltered attributePaths: 1 eventPaths: 1
@1790322775041 2026-09-25 03:52:55.041 NOTICE InteractionServer Subscribe successful » @1:e3e119dffdaa75a2•10b3⇵5e06 2↔1 sub#: e57d6860 timing: 1s - 1m 8s => 1m 8s sendInterval: 54.7s
@1790322794647 2026-09-25 03:53:14.647 INFO ServerSubscription Error sending subscription update message (error count=1): Peer is no longer responding to active session (timed out after 15s)
@1790322794656 2026-09-25 03:53:14.656 INFO ServerSubscription Error sending subscription update message (error count=1): Peer is no longer responding to active session (timed out after 15s)
@1790322896696 2026-09-25 03:54:56.696 INFO ServerSubscription Error sending subscription update message (error count=1): Peer is no longer responding to active session (timed out after 15s)
@1790322901612 2026-09-25 03:55:01.612 INFO ServerSubscription Error sending subscription update message (error count=1): Peer is no longer responding to active session (timed out after 15s)
@1790322952199 2026-09-25 03:55:52.199 INFO ServerSubscription Error sending subscription update message (error count=1): Peer is no longer responding to active session (timed out after 14.4s)
@1790322989138 2026-09-25 03:56:29.138 INFO ServerSubscription Error sending subscription update message (error count=1): Peer is no longer responding to active session (timed out after 14.2s)
@1790322989144 2026-09-25 03:56:29.144 INFO ServerSubscription Error sending subscription update message (error count=1): Peer is no longer responding to active session (timed out after 14.2s)
@1790323091875 2026-09-25 03:58:11.875 INFO ServerSubscription Error sending subscription update message (error count=1): Peer is no longer responding to active session (timed out after 14.9s)
@1790323096893 2026-09-25 03:58:16.893 INFO ServerSubscription Error sending subscription update message (error count=1): Peer is no longer responding to active session (timed out after 14.9s)
@1790323147343 2026-09-25 03:59:07.343 INFO ServerSubscription Error sending subscription update message (error count=1): Peer is no longer responding to active session (timed out after 14.2s)
@1790323184394 2026-09-25 03:59:44.394 INFO ServerSubscription Error sending subscription update message (error count=1): Peer is no longer responding to active session (timed out after 14.2s)
@1790323184400 2026-09-25 03:59:44.400 INFO ServerSubscription Error sending subscription update message (error count=1): Peer is no longer responding to active session (timed out after 14.2s)
@1790323287458 2026-09-25 04:01:27.458 INFO ServerSubscription Error sending subscription update message (error count=1): Peer is no longer responding to active session (timed out after 15.3s)
@1790323292167 2026-09-25 04:01:32.167 INFO ServerSubscription Error sending subscription update message (error count=1): Peer is no longer responding to active session (timed out after 15.3s)
@1790323342617 2026-09-25 04:02:22.617 INFO ServerSubscription Error sending subscription update message (error count=1): Peer is no longer responding to active session (timed out after 14.2s)
@1790323379681 2026-09-25 04:02:59.681 INFO ServerSubscription Error sending subscription update message (error count=1): Peer is no longer responding to active session (timed out after 14.2s)
@1790323379688 2026-09-25 04:02:59.688 INFO ServerSubscription Error sending subscription update message (error count=1): Peer is no longer responding to active session (timed out after 14.2s)
@1790323482631 2026-09-25 04:04:42.631 INFO ServerSubscription Error sending subscription update message (error count=1): Peer is no longer responding to active session (timed out after 15.1s)
@1790323487450 2026-09-25 04:04:47.450 INFO ServerSubscription Error sending subscription update message (error count=1): Peer is no longer responding to active session (timed out after 15.1s)
@1790323537839 2026-09-25 04:05:37.839 INFO ServerSubscription Error sending subscription update message (error count=1): Peer is no longer responding to active session (timed out after 14.2s)
@1790323574967 2026-09-25 04:06:14.967 INFO ServerSubscription Error sending subscription update message (error count=1): Peer is no longer responding to active session (timed out after 14.2s)
@1790323574978 2026-09-25 04:06:14.978 INFO ServerSubscription Error sending subscription update message (error count=1): Peer is no longer responding to active session (timed out after 14.2s)
@1790323678005 2026-09-25 04:07:58.005 INFO ServerSubscription Error sending subscription update message (error count=1): Peer is no longer responding to active session (timed out after 15.2s)
@1790323682750 2026-09-25 04:08:02.750 INFO ServerSubscription Error sending subscription update message (error count=1): Peer is no longer responding to active session (timed out after 15.2s)
@1790323732918 2026-09-25 04:08:52.918 INFO ServerSubscription Error sending subscription update message (error count=1): Peer is no longer responding to active session (timed out after 13.9s)
@1790323752975 2026-09-25 04:09:12.975 NOTICE Node hold-probe-contact going offline
@1790323752989 2026-09-25 04:09:12.989 INFO MdnsAdvertisement Unpublishing kind: operational service: mdns:E019D530834B81D1-0000000000000001._matter._tcp.local time: 16m 18s
@1790323752994 2026-09-25 04:09:12.994 NOTICE ServerSubscription Subscription e57d6860 reported invalid by peer
@1790323752995 2026-09-25 04:09:12.995 INFO Session @1:e3e119dffdaa75a2•10b3 Session ended
@1790323752996 2026-09-25 04:09:12.996 NOTICE Node hold-probe-contact is offline
@1790323753005 2026-09-25 04:09:13.005 WARN Transaction Rolling back ◦reactor<hold-probe-contact.subscriptions.#subscriptionCancelled>#6c due to error: Datasource not yet initialized
@1790323753006 2026-09-25 04:09:13.005 ERROR Transaction Secondary error in ◦reactor<hold-probe-contact.subscriptions.#subscriptionCancelled>#6c rollback: [transaction-flow] Illegal attempt to enter status rolling back when transaction is committing phase two
  at #finalize (scripts/matter_hold/node_modules/@matter/general/dist/esm/transaction/Tx.js:413:13)
  at Tx.rollback (scripts/matter_hold/node_modules/@matter/general/dist/esm/transaction/Tx.js:303:26)
  at Tx.reject (scripts/matter_hold/node_modules/@matter/general/dist/esm/transaction/Tx.js:317:27)
@1790323753006 2026-09-25 04:09:13.006 WARN Transaction ◦reactor<hold-probe-contact.subscriptions.#subscriptionCancelled>#6c Disposed ◦reactor<hold-probe-contact.subscriptions.#subscriptionCancelled>#6c while committing phase two
@1790323753006 2026-09-25 04:09:13.006 ERROR Reactors Unhandled [internal] Error in reactor<hold-probe-contact.subscriptions.#subscriptionCancelled>: Datasource not yet initialized
  at get datasource (scripts/matter_hold/node_modules/@matter/node/dist/esm/behavior/internal/BehaviorBacking.js:185:13)
  at get [reference] (scripts/matter_hold/node_modules/@matter/node/dist/esm/behavior/Behavior.js:215:26)
  at new ResourceSet (scripts/matter_hold/node_modules/@matter/general/dist/esm/transaction/ResourceSet.js:17:22)
  at #reset (scripts/matter_hold/node_modules/@matter/general/dist/esm/transaction/Tx.js:435:17)
  at [Symbol.dispose] (scripts/matter_hold/node_modules/@matter/general/dist/esm/transaction/Tx.js:120:18)
  at Tx.reject (scripts/matter_hold/node_modules/@matter/general/dist/esm/transaction/Tx.js:334:25)
@1790323753008 2026-09-25 04:09:13.008 INFO ServerNodeStore Closed hold-probe-contact storage location: scripts/matter_hold/.storage/device/hold-probe-contact driver: file locks: 0
