@1790445132791 2026-09-26 13:52:12.790 INFO ServerNodeStore Opened hold-probe-contact storage location: scripts/matter_hold/.storage/device/hold-probe-contact driver: file
@1790445132799 2026-09-26 13:52:12.799 INFO SessionManager restoring resumption record for node @1:e3e119dffdaa75a2 and peer node @1:e3e119dffdaa75a2 for fabric id 0xe55f0f48218ad491 (0xfff1, "holdprobe")
@1790445132808 2026-09-26 13:52:12.808 WARN BasicInformationServer Using development values for some BasicInformation attributes: hardwareVersion: 0 softwareVersion: 0
@1790445132808 2026-09-26 13:52:12.808 WARN BasicInformationServer uniqueId and serialNumber shall not be the same
@1790445132808 2026-09-26 13:52:12.808 WARN BasicInformationServer productLabel should not include vendorName
@1790445132830 2026-09-26 13:52:12.830 INFO BaseEventStore Loaded volatile event store with next number 9001
@1790445132844 2026-09-26 13:52:12.844 INFO Endpoint hold-probe-contact ready endpoint#: 0 type: RootNode (0x16, rev 4) behaviors: 💤parts ✓index ✓accessControl ✓basicInformation ✓generalCommissioning ✓generalDiagnostics ✓administratorCommissioning ✓operationalCredentials ✓groupKeyManagement ✓commissioning ✓network 💤productDescription 💤subscriptions 💤sessions ✓events ✓descriptor
@1790445132848 2026-09-26 13:52:12.848 INFO Endpoint hold-probe-contact.contact ready endpoint#: 1 type: ContactSensor (0x15, rev 2) behaviors: ✓identify ✓booleanState ✓descriptor
@1790445132848 2026-09-26 13:52:12.848 NOTICE Node hold-probe-contact going online
@1790445132852 2026-09-26 13:52:12.852 INFO ServerNetworkRuntime Default network profile for unknown peers set to fast
@1790445132852 2026-09-26 13:52:12.852 INFO NetworkProfiles Configure profile fast exchanges: 200 additionalMrpDelay: 0
@1790445132852 2026-09-26 13:52:12.852 NOTICE Node hold-probe-contact is online
@1790445132852 2026-09-26 13:52:12.852 INFO FabricAccessControl ACL List updated privilege: 5 authMode: 2 subjects: 16420434166193747362 targets: null fabricIndex: 1
@1790445132867 2026-09-26 13:52:12.867 INFO MdnsAdvertisement Publishing kind: operational service: mdns:E019D530834B81D1-0000000000000001._matter._tcp.local
@1790445133582 2026-09-26 13:52:13.582 INFO CaseServer •unsecured#c8debde79be573ec⇵8717 Pairing request « udp://[fe80::1%lo0]:61247
@1790445133589 2026-09-26 13:52:13.588 INFO CaseServer @1:e3e119dffdaa75a2•749c Resumed session with @1:e3e119dffdaa75a2 2↔1 address: udp://[fe80::1%lo0]:61247 fabric: e019d530834b81d1 (#1) SII: 500ms SAI: 300ms SAT: 4s DMRev: 21 IMRev: 12 spec: 0x1060000 maxPaths: 10 CATs:
@1790445133604 2026-09-26 13:52:13.604 INFO Session •unsecured#c8debde79be573ec Session ended
@1790445133628 2026-09-26 13:52:13.628 INFO InteractionServer Subscribe « @1:e3e119dffdaa75a2•749c⇵8719 fabricFiltered attributePaths: 1 eventPaths: 1
@1790445133630 2026-09-26 13:52:13.630 NOTICE InteractionServer Subscribe successful » @1:e3e119dffdaa75a2•749c⇵8719 2↔1 sub#: e6ced415 timing: 1s - 1m 2s => 1m 5s sendInterval: 52.4s
@1790445153274 2026-09-26 13:52:33.274 INFO ServerSubscription Error sending subscription update message (error count=1): Peer is no longer responding to active session (timed out after 15.1s)
@1790445265517 2026-09-26 13:54:25.517 INFO ServerSubscription Error sending subscription update message (error count=1): Peer is no longer responding to active session (timed out after 14.2s)
@1790445619244 2026-09-26 14:00:19.244 INFO ServerSubscription Error sending subscription update message (error count=1): Peer is no longer responding to active session (timed out after 14.1s)
@1790447473398 2026-09-26 14:31:13.398 INFO ServerSubscription Error sending subscription update message (error count=1): Peer is no longer responding to active session (timed out after 14.2s)
@1790454727191 2026-09-26 16:32:07.191 INFO ServerSubscription Error sending subscription update message (error count=1): Peer is no longer responding to active session (timed out after 14.3s)
@1790454840322 2026-09-26 16:34:00.321 INFO ServerSubscription Error sending subscription update message (error count=1): Peer is no longer responding to active session (timed out after 14.2s)
@1790455193917 2026-09-26 16:39:53.917 INFO ServerSubscription Error sending subscription update message (error count=1): Peer is no longer responding to active session (timed out after 14.3s)
@1790457047953 2026-09-26 17:10:47.952 INFO ServerSubscription Error sending subscription update message (error count=1): Peer is no longer responding to active session (timed out after 14s)
@1790464302070 2026-09-26 19:11:42.070 INFO ServerSubscription Error sending subscription update message (error count=1): Peer is no longer responding to active session (timed out after 14.3s)
@1790464415063 2026-09-26 19:13:35.063 INFO ServerSubscription Error sending subscription update message (error count=1): Peer is no longer responding to active session (timed out after 14.1s)
@1790464768925 2026-09-26 19:19:28.924 INFO ServerSubscription Error sending subscription update message (error count=1): Peer is no longer responding to active session (timed out after 14.3s)
@1790466623183 2026-09-26 19:50:23.182 INFO ServerSubscription Error sending subscription update message (error count=1): Peer is no longer responding to active session (timed out after 14.1s)
@1790473860637 2026-09-26 21:51:00.634 NOTICE Node hold-probe-contact going offline
@1790473860697 2026-09-26 21:51:00.697 INFO MdnsAdvertisement Unpublishing kind: operational service: mdns:E019D530834B81D1-0000000000000001._matter._tcp.local time: 7h 58m 47s
@1790473861220 2026-09-26 21:51:01.220 INFO Session @1:e3e119dffdaa75a2•749c Session ended
@1790473861225 2026-09-26 21:51:01.225 NOTICE Node hold-probe-contact is offline
@1790473861245 2026-09-26 21:51:01.245 INFO ServerNodeStore Closed hold-probe-contact storage location: scripts/matter_hold/.storage/device/hold-probe-contact driver: file locks: 0
