honest s=-3 h=None: done
honest s=-1 h=None: done
honest s=+0 h=None: done
honest s=+1 h=None: done
honest s=+3 h=None: done
attack s=-3 h=1.0: done
attack s=-3 h=2.0: done
attack s=-3 h=3.0: done
attack s=-3 h=4.0: done
attack s=-3 h=5.0: done
attack s=-3 h=6.0: done
attack s=-1 h=1.0: done
attack s=-1 h=2.0: done
attack s=-1 h=3.0: done
attack s=-1 h=4.0: done
attack s=-1 h=5.0: done
attack s=-1 h=6.0: done
attack s=+0 h=1.0: done
attack s=+0 h=2.0: done
attack s=+0 h=3.0: done
attack s=+0 h=4.0: done
attack s=+0 h=5.0: done
attack s=+0 h=6.0: done
attack s=+1 h=1.0: done
attack s=+1 h=2.0: done
attack s=+1 h=3.0: done
attack s=+1 h=4.0: done
attack s=+1 h=5.0: done
attack s=+1 h=6.0: done
attack s=+3 h=1.0: done
attack s=+3 h=2.0: done
attack s=+3 h=3.0: done
attack s=+3 h=4.0: done
attack s=+3 h=5.0: done
attack s=+3 h=6.0: done
attack s=-3 h= 1.0  admitted  0/10  [0-28]  age +4.02..+4.82
attack s=-3 h= 2.0  admitted  0/10  [0-28]  age +5.41..+6.00
attack s=-3 h= 3.0  admitted  0/10  [0-28]  age +6.18..+6.93
attack s=-3 h= 4.0  admitted  0/10  [0-28]  age +7.08..+8.00
attack s=-3 h= 5.0  admitted  0/10  [0-28]  age +8.01..+8.97
attack s=-3 h= 6.0  admitted  0/10  [0-28]  age +9.10..+9.85
attack s=-1 h= 1.0  admitted  0/10  [0-28]  age +2.02..+2.85
attack s=-1 h= 2.0  admitted  0/10  [0-28]  age +3.07..+3.98
attack s=-1 h= 3.0  admitted  0/10  [0-28]  age +4.31..+4.94
attack s=-1 h= 4.0  admitted  0/10  [0-28]  age +5.03..+5.83
attack s=-1 h= 5.0  admitted  0/10  [0-28]  age +6.20..+6.95
attack s=-1 h= 6.0  admitted  0/10  [0-28]  age +7.01..+7.88
attack s=+0 h= 1.0  admitted 10/10  [72-100]  age +1.09..+1.99
attack s=+0 h= 2.0  admitted  0/10  [0-28]  age +2.06..+2.94
attack s=+0 h= 3.0  admitted  0/10  [0-28]  age +3.34..+3.90
attack s=+0 h= 4.0  admitted  0/10  [0-28]  age +4.00..+4.57
attack s=+0 h= 5.0  admitted  0/10  [0-28]  age +5.07..+5.96
attack s=+0 h= 6.0  admitted  0/10  [0-28]  age +6.07..+6.99
attack s=+1 h= 1.0  admitted  2/10  [6-51]  age +0.10..+0.83
attack s=+1 h= 2.0  admitted  5/10  [24-76]  age +1.01..+1.85
attack s=+1 h= 3.0  admitted  0/10  [0-28]  age +2.02..+2.89
attack s=+1 h= 4.0  admitted  0/10  [0-28]  age +3.12..+3.98
attack s=+1 h= 5.0  admitted  0/10  [0-28]  age +4.14..+4.90
attack s=+1 h= 6.0  admitted  0/10  [0-28]  age +5.13..+5.84
attack s=+3 h= 1.0  admitted  0/10  [0-28]  age -1.81..-1.08
attack s=+3 h= 2.0  admitted  0/10  [0-28]  age -0.83..-0.10
attack s=+3 h= 3.0  admitted  0/10  [0-28]  age +0.09..+0.84
attack s=+3 h= 4.0  admitted  0/10  [0-28]  age +1.03..+1.87
attack s=+3 h= 5.0  admitted  0/10  [0-28]  age +2.00..+2.74
attack s=+3 h= 6.0  admitted  0/10  [0-28]  age +3.05..+3.74
honest s=-3 h=      admitted  0/10  [0-28]  age +3.01..+3.99
honest s=-1 h=      admitted 10/10  [72-100]  age +1.06..+1.99
honest s=+0 h=      admitted 10/10  [72-100]  age +0.16..+0.76
honest s=+1 h=      admitted  4/10  [17-69]  age -0.95..-0.13
honest s=+3 h=      admitted  0/10  [0-28]  age -2.95..-2.05

boundary (attack): largest admitted hold / smallest blocked hold, prediction Delta+s
  s=-3: max admitted None  min blocked 1.001  Delta+s = -1.0
  s=-1: max admitted None  min blocked 1.0  Delta+s = +1.0
  s=+0: max admitted 1.01  min blocked 2.001  Delta+s = +2.0
  s=+1: max admitted 2.004  min blocked 1.002  Delta+s = +3.0
  s=+3: max admitted None  min blocked 1.0  Delta+s = +5.0

soundness violations (admitted with t_c - t_x >= Delta + s + 0.1): 0
honest reads admitted with a negative (future-dated) age: 4
